
Memory Configuration

Name             Origin             Length             Attributes
FLASH            0x0000000008000000 0x0000000000020000 xr
SRAM             0x0000000020000000 0x0000000000005000 xrw
*default*        0x0000000000000000 0xffffffffffffffff

Linker script and memory map


.text           0x0000000008000000      0xd7f
 *(.vectors*)
 .vectors       0x0000000008000000       0x18 startup.o
                0x0000000008000000                vectors
 *(.text *)
 .glue_7        0x0000000008000018        0x0 linker stubs
 .glue_7t       0x0000000008000018        0x0 linker stubs
 .vfp11_veneer  0x0000000008000018        0x0 linker stubs
 .v4_bx         0x0000000008000018        0x0 linker stubs
 .text          0x0000000008000018       0x80 main.o
                0x0000000008000018                main
 .data          0x0000000008000098        0x4 main.o
                0x0000000008000098                ODR_13
 .bss           0x000000000800009c        0x0 main.o
 .debug_info    0x000000000800009c      0x12a main.o
 .debug_abbrev  0x00000000080001c6       0xea main.o
 .debug_loc     0x00000000080002b0       0x38 main.o
 .debug_aranges
                0x00000000080002e8       0x20 main.o
 .debug_line    0x0000000008000308      0x1e2 main.o
 .debug_str     0x00000000080004ea      0x139 main.o
                                        0x176 (size before relaxing)
 .comment       0x0000000008000623       0x7b main.o
                                         0x7c (size before relaxing)
 *fill*         0x000000000800069e        0x2 
 .debug_frame   0x00000000080006a0       0x2c main.o
 .ARM.attributes
                0x00000000080006cc       0x33 main.o
 .iplt          0x00000000080006ff        0x0 main.o
 .rel.iplt      0x00000000080006ff        0x0 main.o
 .igot.plt      0x00000000080006ff        0x0 main.o
 *fill*         0x00000000080006ff        0x1 
 .text          0x0000000008000700       0x90 startup.o
                0x0000000008000700                NMI_Handler
                0x0000000008000700                UsageFault_Handler
                0x0000000008000700                Bus_Handler
                0x0000000008000700                Default_Handler
                0x0000000008000700                HardFault_Handler
                0x000000000800070c                Reset_Handler
 .data          0x0000000008000790        0x0 startup.o
 .bss           0x0000000008000790        0x0 startup.o
 .debug_info    0x0000000008000790      0x18a startup.o
 .debug_abbrev  0x000000000800091a       0xd4 startup.o
 .debug_loc     0x00000000080009ee       0x7c startup.o
 .debug_aranges
                0x0000000008000a6a       0x20 startup.o
 .debug_line    0x0000000008000a8a      0x1f5 startup.o
 .debug_str     0x0000000008000c7f       0x7a startup.o
                                        0x1c9 (size before relaxing)
 .comment       0x0000000008000cf9       0x7c startup.o
 *fill*         0x0000000008000cf9        0x3 
 .debug_frame   0x0000000008000cfc       0x50 startup.o
 .ARM.attributes
                0x0000000008000d4c       0x33 startup.o
 *(.rodata*)
                0x0000000008000d7f                _E_TEXT = .

.data           0x0000000020000000        0x0 load address 0x0000000008000d7f
                0x0000000020000000                _S_data = .
 *(.data)
                0x0000000020000000                . = ALIGN (0x4)
                0x0000000020000000                _E_data = .

.bss            0x0000000020000000     0x1000 load address 0x0000000008000d7f
                0x0000000020000000                _S_bss = .
 *(.bss)
                0x0000000020000000                _E_bss = .
                0x0000000020000000                . = ALIGN (0x4)
                0x0000000020001000                . = (. + 0x1000)
 *fill*         0x0000000020000000     0x1000 
                0x0000000020001000                _stack_top = .
LOAD main.o
LOAD startup.o
OUTPUT(CortexM3.elf elf32-littlearm)
