
Memory Configuration

Name             Origin             Length             Attributes
FLASH            0x0000000008000000 0x0000000000020000 xr
SRAM             0x0000000020000000 0x0000000000005000 xrw
*default*        0x0000000000000000 0xffffffffffffffff

Linker script and memory map


.text           0x0000000008000000      0x1aa
 *(.vectors*)
 .vectors       0x0000000008000000       0x4c startup.o
 *(.text *)
 .glue_7        0x000000000800004c        0x0 linker stubs
 .glue_7t       0x000000000800004c        0x0 linker stubs
 .vfp11_veneer  0x000000000800004c        0x0 linker stubs
 .v4_bx         0x000000000800004c        0x0 linker stubs
 .text          0x000000000800004c        0x8 startup.o
 .data          0x0000000008000054        0x0 startup.o
 .bss           0x0000000008000054        0x0 startup.o
 .ARM.attributes
                0x0000000008000054       0x21 startup.o
 .iplt          0x0000000008000075        0x0 startup.o
 .rel.iplt      0x0000000008000075        0x0 startup.o
 .igot.plt      0x0000000008000075        0x0 startup.o
 *fill*         0x0000000008000075        0x3 
 .text          0x0000000008000078       0x80 main.o
                0x0000000008000078                main
 .data          0x00000000080000f8        0x4 main.o
                0x00000000080000f8                ODR_13
 .bss           0x00000000080000fc        0x0 main.o
 .comment       0x00000000080000fc       0x7b main.o
                                         0x7c (size before relaxing)
 .ARM.attributes
                0x0000000008000177       0x33 main.o
 *(.rodata*)
                0x00000000080001aa                _E_TEXT = .

.data           0x0000000020000000        0x0 load address 0x00000000080001aa
                0x0000000020000000                _S_data = .
 *(.data)
                0x0000000020000000                . = ALIGN (0x4)
                0x0000000020000000                _E_data = .

.bss            0x0000000020000000     0x1000 load address 0x00000000080001aa
                0x0000000020000000                _S_bss = .
 *(.bss)
                0x0000000020000000                _E_bss = .
                0x0000000020000000                . = ALIGN (0x4)
                0x0000000020001000                . = (. + 0x1000)
 *fill*         0x0000000020000000     0x1000 
                0x0000000020001000                _stack_top = .
LOAD startup.o
LOAD main.o
OUTPUT(CortexM3.elf elf32-littlearm)
